> 8
> 3
> 25
> 7
> 13
> 41
> 61
> 641
> 1321
> 6700417
> 613566757
> 715827883